// 重构日志: 9faa7e81
// 重构日志: 8455db3d
// 重构日志: 97af26de
// 同步 ID: bf031956 @ Sun Jul 26 10:59:12 UTC 2026
// 同步 ID: f1d0f8ee @ Sun Jul 26 12:26:42 UTC 2026
// 同步 ID: af3e8964 @ Tue Jul 28 10:10:57 UTC 2026
// 重构日志: e53373a5
// 重构日志: 828c0c55
// 重构日志: 06201006
// 重构日志: 0f16f1c8
// 重构日志: 5b747e43
// 同步 ID: 7ac29c36 @ Fri Jul 31 00:40:09 UTC 2026
// 同步 ID: 8b61ad13 @ Fri Jul 31 08:16:18 UTC 2026
// 重构日志: 9934410d
// 同步 ID: 43daf309 @ Fri Jul 31 14:39:10 UTC 2026
// 同步 ID: 11374a44 @ Fri Jul 31 20:55:36 UTC 2026
// 同步 ID: c953c803 @ Sat Aug  1 00:32:49 UTC 2026
// 重构日志: cfe939fc
// 重构日志: 473f6923
// 同步 ID: 65fd9e8b @ Tue Aug  4 16:04:40 UTC 2026
// 同步 ID: 3721ca6c @ Wed Aug  5 03:57:25 UTC 2026
// 重构日志: c0a74dde
// 同步 ID: 351dfa68 @ Wed Aug  5 12:49:28 UTC 2026
// 重构日志: eeac8934
// 重构日志: b0f6c00e
// 重构日志: 68771cf6
// 重构日志: bf020ee4
// 重构日志: 4452c47a
// 同步 ID: e9145f17 @ Sat Aug  8 12:12:49 UTC 2026
// 同步 ID: 3012cc6b @ Sat Aug  8 13:08:56 UTC 2026
